// Jest Snapshot v1, https://goo.gl/fbAQLP

exports[`TopicCard Renders correctly 1`] = `
<div
  className="github-component position-relative height-full text-center border border-gray-light rounded-1 bg-white p-5"
>
  <div
    className="bg-blue-light f4 text-gray-light text-bold rounded-1 flex-shrink-0 text-center mx-auto mb-3"
    style={
      Object {
        "height": "64px",
        "lineHeight": "64px",
        "width": "64px",
      }
    }
  >
    #
  </div>
  <p
    className="f3 lh-condensed text-center mb-0 mt-1"
  />
  <p
    className="f5 text-gray text-center mb-0 mt-1"
  >
    My Description
  </p>
</div>
`;
